// Jest Snapshot v1, https://goo.gl/fbAQLP

exports[`App Component Testing App component has not changed 1`] = `
<BrowserRouter>
  <div>
    <Route
      component={[Function]}
      exact={true}
      path="/"
    />
    <Route
      component={[Function]}
      path="/signin"
    />
    <Route
      component={[Function]}
      path="/dashboard"
    />
    <Route
      component={[Function]}
      path="/todos"
    />
  </div>
</BrowserRouter>
`;
